// Jest Snapshot v1, https://goo.gl/fbAQLP

exports[`FilterTagsList rendering Will render FilterTagsList component 1`] = `
<div
  className="filterTagList divider"
>
  <div
    className="filterTag"
    onClick={[Function]}
  >
    <span
      className="tagIcon"
    >
      <span
        className="fa-times tagImageIcon"
        style={
          Object {
            "fontSize": "inherit",
          }
        }
      />
    </span>
    Gluten Free
  </div>
  <div
    className="filterTag"
    onClick={[Function]}
  >
    <span
      className="tagIcon"
    >
      <span
        className="fa-times tagImageIcon"
        style={
          Object {
            "fontSize": "inherit",
          }
        }
      />
    </span>
    Meat
  </div>
</div>
`;
