// Jest Snapshot v1, https://goo.gl/fbAQLP

exports[`Order Skip Recovery Modal Initial Render should render snapshot 1`] = `
<Overlay
  from="top"
  open={false}
>
  <div
    className="modalComponent"
  >
    <div
      className="spacer"
    />
    <div
      className="container"
    >
      <div
        className="modalTitle"
      >
        <Title />
      </div>
      <Footer
        onClickKeepOrder={[Function]}
        onClickSkipCancel={[Function]}
      />
    </div>
  </div>
</Overlay>
`;
