// Jest Snapshot v1, https://goo.gl/fbAQLP

exports[`<RangeBadge /> snapshots should render when given a preconfigured range 1`] = `
<div
  className="rangeBadge"
>
  <div
    className="ribbonText"
    style={
      Object {
        "backgroundColor": "#333D47",
        "border": "1px solid #282B2F",
        "borderRight": "none",
        "color": "#FFFFFF",
      }
    }
  >
    TEN TO TABLE
  </div>
  <div
    className="ribbon"
    style={
      Object {
        "borderBottom": "1px solid #282B2F",
        "borderTop": "1px solid #282B2F",
      }
    }
  >
    <div
      className="arrowTopBorder"
      style={
        Object {
          "borderLeft": "10px solid #282B2F",
        }
      }
    />
    <div
      className="arrowTop"
      style={
        Object {
          "borderLeft": "9px solid #333D47",
        }
      }
    />
    <div
      className="arrowBottomBorder"
      style={
        Object {
          "borderLeft": "10px solid #282B2F",
        }
      }
    />
    <div
      className="arrowBottom"
      style={
        Object {
          "borderLeft": "9px solid #333D47",
        }
      }
    />
  </div>
</div>
`;
