// Jest Snapshot v1, https://goo.gl/fbAQLP

exports[`Notification component notifications should order the notifications by type in the following order danger > warning > notify 1`] = `
Array [
  Object {
    "linkTrackingType": undefined,
    "message": "Your card is expired. Please update now.",
    "title": "Payment Method",
    "type": "danger",
    "url": "my-details",
  },
  Object {
    "linkTrackingType": "refer_friend",
    "message": "for every friend you refer this weekend. Invite friends now.",
    "title": "Get £30 credit",
    "type": "info",
    "url": "my-referrals",
  },
]
`;
