// Jest Snapshot v1, https://goo.gl/fbAQLP

exports[`BoxPrice Will snap BoxPrice 1`] = `
<div
  className="container"
>
  <h2
    className="title"
  >
    2-Person
     box
  </h2>
  <p>
    Delicious meals for two
  </p>
  <img
    alt=""
    className="contain"
    onClick={[Function]}
    src="couples-box.jpg"
  />
  <p>
    Recipes in your box
  </p>
  <div
    className="boxInfoList"
  >
    <div
      className="container"
    >
      <p
        className="recipes"
      >
        2
         Recipes
      </p>
      <p>
        <span
          className="portionPrice"
        >
          £
          6.25
        </span>
        <small>
          per serving
        </small>
      </p>
      <p>
        <small>
          Box price
        </small>
        <span
          className="boxPrice"
        >
          £
          24.99
        </span>
      </p>
    </div>
    <div
      className="container"
    >
      <p
        className="recipes"
      >
        3
         Recipes
      </p>
      <p>
        <span
          className="portionPrice"
        >
          £
          5.00
        </span>
        <small>
          per serving
        </small>
      </p>
      <p>
        <small>
          Box price
        </small>
        <span
          className="boxPrice"
        >
          £
          29.99
        </span>
      </p>
    </div>
    <div
      className="container"
    >
      <p
        className="recipes"
      >
        4
         Recipes
      </p>
      <p>
        <span
          className="portionPrice"
        >
          £
          4.37
        </span>
        <small>
          per serving
        </small>
      </p>
      <p>
        <small>
          Box price
        </small>
        <span
          className="boxPrice"
        >
          £
          34.99
        </span>
      </p>
      <div
        className="container"
      >
        <img
          alt="Most Popular"
          className="icon"
          src="most-popular.png"
        />
      </div>
    </div>
  </div>
  <div
    className="link"
  >
    <p>
      Delivery is 
      <strong
        className="uppercase"
      >
        Free
      </strong>
    </p>
    <div
      className="container primary fill widthAuto"
    >
      <div
        className="spinnerContainer  base primary fill noHover autoWidthPadding"
        onClick={[Function]}
        onKeyUp={[Function]}
        onMouseEnter={[Function]}
        onMouseLeave={[Function]}
      >
        <span
          className="spinner"
        >
          <div
            className="fadingCircle"
          >
            <div
              className="circle1 white"
            />
            <div
              className="circle2 white"
            />
            <div
              className="circle3 white"
            />
            <div
              className="circle4 white"
            />
            <div
              className="circle5 white"
            />
            <div
              className="circle6 white"
            />
            <div
              className="circle7 white"
            />
            <div
              className="circle8 white"
            />
            <div
              className="circle9 white"
            />
            <div
              className="circle10 white"
            />
            <div
              className="circle11 white"
            />
            <div
              className="circle12 white"
            />
          </div>
        </span>
      </div>
      <div
        className="segment base primary fill autoWidthPadding"
        onClick={[Function]}
        onKeyUp={[Function]}
        onMouseEnter={[Function]}
        onMouseLeave={[Function]}
        role="button"
        tabIndex="0"
      >
        <a
          className="base noDecor"
          href="menu?num_portions=2"
          to="menu?num_portions=2"
        >
          <span
            className="uppercase"
          >
            Build My Box
          </span>
        </a>
      </div>
    </div>
  </div>
</div>
`;
