// Jest Snapshot v1, https://goo.gl/fbAQLP

exports[`On Screen Recovery Modal Footer Initial Render should render snapshot 1`] = `
<div
  className="modalFooter"
>
  <div
    className="confirm"
    onClick={[Function]}
    onKeyDown={[Function]}
    role="button"
    tabIndex={0}
  >
    Skip anyway
  </div>
  <button
    className="keep"
    onClick={[Function]}
    onKeyDown={[Function]}
    type="button"
  >
    Keep Box
  </button>
</div>
`;
